
==================================================
💾 ATENCIÓN: Se ha detectado una sesión anterior.
==================================================
¿Deseas reanudar las posiciones de los radares? (s/n): [SYS] Memoria descartada. Asumiendo que has centrado los radares a mano (0º).
[mDNS] radar-server.local -> 172.20.10.7
[SYS] Árbitro Iniciado - Puerto 8080
[SYS] Conectado MAC F0:24:F9:44:CD:90 -> ID 4 (Reanudando en 0.0º)

── SF 0 ────────────────────────────────────────────

── SF 1 ────────────────────────────────────────────
[SYS] Conectado MAC F0:24:F9:44:0A:20 -> ID 2 (Reanudando en 0.0º)

── SF 2 ────────────────────────────────────────────

── SF 3 ────────────────────────────────────────────

── SF 4 ────────────────────────────────────────────

── SF 5 ────────────────────────────────────────────

── SF 6 ────────────────────────────────────────────

── SF 7 ────────────────────────────────────────────

── SF 8 ────────────────────────────────────────────

── SF 9 ────────────────────────────────────────────
  N2 │ SEARCH  Sl.0    +2.5° │ 🟢 DEFCON 3   44.4cm  (-1.9, 72.3)
  N4 │ SEARCH  Sl.1    +2.5° │ ·  —
  389ms

── SF 10 ────────────────────────────────────────────
[SYS] Conectado MAC 88:13:BF:C8:40:30 -> ID 1 (Reanudando en 0.0º)
  N2 │ SEARCH  Sl.0    +5.0° │ 🔵 VALLA      52.2cm
  N4 │ SEARCH  Sl.1    +5.0° │ ·  —
  424ms

── SF 11 ────────────────────────────────────────────
  N1 │ ???  sin petición
  N2 │ SEARCH  Sl.0    +7.5° │ 🔵 VALLA      53.2cm
  N4 │ SEARCH  Sl.1    +7.5° │ ·  —
  417ms

── SF 12 ────────────────────────────────────────────
  N1 │ ???  sin petición
  N2 │ SEARCH  Sl.0   +10.0° │ 🟢 DEFCON 3   43.9cm  (-7.6, 71.2)
  N4 │ SEARCH  Sl.1   +10.0° │ ·  —
  429ms

── SF 13 ────────────────────────────────────────────
  N1 │ ???  sin petición
  N2 │ SEARCH  Sl.0   +12.5° │ 🔵 VALLA      50.6cm
  N4 │ SEARCH  Sl.1   +12.5° │ ·  —
  378ms

── SF 14 ────────────────────────────────────────────
  N1 │ SEARCH  Sl.0    +2.5° │ 🔵 VALLA      52.0cm
  N2 │ SEARCH  Sl.0   +15.0° │ 🔵 VALLA      56.7cm
  N4 │ SEARCH  Sl.1   +15.0° │ ·  —
  416ms

── SF 15 ────────────────────────────────────────────
  N1 │ SEARCH  Sl.0    +5.0° │ 🔵 VALLA      54.6cm
  N2 │ SEARCH  Sl.0   +17.5° │ 🟢 DEFCON 3   38.8cm  (-11.7, 65.0)
  N4 │ SEARCH  Sl.1   +17.5° │ ·  —
  392ms

── SF 16 ────────────────────────────────────────────
  N1 │ SEARCH  Sl.0    +7.5° │ ·  —
  N2 │ SEARCH  Sl.0   +20.0° │ 🔵 VALLA      52.1cm
  N4 │ SEARCH  Sl.1   +20.0° │ ·  —
  415ms

── SF 17 ────────────────────────────────────────────
  N1 │ SEARCH  Sl.0   +10.0° │ ·  —
  N2 │ SEARCH  Sl.0   +22.5° │ 🟢 DEFCON 3   42.8cm  (-16.4, 67.5)
  N4 │ SEARCH  Sl.1   +22.5° │ ·  —
  399ms

── SF 18 ────────────────────────────────────────────
  N1 │ SEARCH  Sl.0   +12.5° │ ·  —
  N2 │ SEARCH  Sl.1   +25.0° │ 🟢 DEFCON 3   43.4cm  (-18.3, 67.3)
  N4 │ SEARCH  Sl.0   +25.0° │ ·  —
  375ms

── SF 19 ────────────────────────────────────────────
  N1 │ SEARCH  Sl.0   +15.0° │ ·  —
  N2 │ SEARCH  Sl.0   +27.5° │ 🔵 VALLA      60.7cm
  N4 │ SEARCH  Sl.1   +27.5° │ ·  —
  401ms

── SF 20 ────────────────────────────────────────────
  N1 │ SEARCH  Sl.0   +17.5° │ ·  —
  N2 │ SEARCH  Sl.1   +30.0° │ 🔵 VALLA      64.9cm
  N4 │ SEARCH  Sl.0   +30.0° │ ·  —
  367ms

── SF 21 ────────────────────────────────────────────
  N1 │ SEARCH  Sl.0   +20.0° │ ·  —
  N2 │ SEARCH  Sl.1   +32.5° │ 🔵 VALLA      59.8cm
  N4 │ SEARCH  Sl.0   +32.5° │ ·  —
  392ms

── SF 22 ────────────────────────────────────────────
  N1 │ SEARCH  Sl.1   +22.5° │ ·  —
  N2 │ SEARCH  Sl.0   +35.0° │ 🟡 DEFCON 2   33.9cm  (-19.5, 55.8)
  N4 │ SEARCH  Sl.1   +35.0° │ ·  —
  379ms

── SF 23 ────────────────────────────────────────────
  N1 │ SEARCH  Sl.1   +25.0° │ ·  —
  N2 │ SEARCH  Sl.0   +37.5° │ 🔵 VALLA      52.8cm
  N4 │ SEARCH  Sl.1   +37.5° │ ·  —
  378ms

── SF 24 ────────────────────────────────────────────
  N1 │ SEARCH  Sl.0   +27.5° │ ·  —
  N2 │ SEARCH  Sl.1   +40.0° │ 🔵 VALLA      50.5cm
  N4 │ SEARCH  Sl.0   +40.0° │ ·  —
  404ms

── SF 25 ────────────────────────────────────────────
  N1 │ SEARCH  Sl.0   +30.0° │ ·  —
  N2 │ SEARCH  Sl.1   +42.5° │ 🟢 DEFCON 3   48.3cm  (-32.6, 63.6)
  N4 │ SEARCH  Sl.0   +42.5° │ ·  —
  377ms

── SF 26 ────────────────────────────────────────────
  N1 │ SEARCH  Sl.1   +32.5° │ ·  —
  N2 │ SEARCH  Sl.0   +45.0° │ 🔵 VALLA      50.8cm
  N4 │ SEARCH  Sl.1   +45.0° │ ·  —
  473ms

── SF 27 ────────────────────────────────────────────
  N1 │ SEARCH  Sl.1   +35.0° │ ·  —
  N2 │ SEARCH  Sl.0   +42.5° │ 🟡 DEFCON 2   28.0cm  (-18.9, 48.7)
  N4 │ SEARCH  Sl.1   +42.5° │ ·  —
  408ms

── SF 28 ────────────────────────────────────────────
  N1 │ SEARCH  Sl.1   +37.5° │ ·  —
  N2 │ SEARCH  Sl.0   +40.0° │ 🔵 VALLA      54.4cm
  N4 │ SEARCH  Sl.1   +40.0° │ ·  —
  441ms

── SF 29 ────────────────────────────────────────────
  N1 │ SEARCH  Sl.0   +40.0° │ ·  —
  N2 │ SEARCH  Sl.1   +37.5° │ 🔵 VALLA      50.2cm
  N4 │ SEARCH  Sl.0   +37.5° │ ·  —
  379ms

── SF 30 ────────────────────────────────────────────
  N1 │ SEARCH  Sl.1   +42.5° │ ·  —
  N2 │ SEARCH  Sl.0   +35.0° │ 🟢 DEFCON 3   42.6cm  (-24.4, 62.9)
  N4 │ SEARCH  Sl.1   +35.0° │ ·  —
  395ms

── SF 31 ────────────────────────────────────────────
  N1 │ SEARCH  Sl.1   +45.0° │ ·  —
  N2 │ SEARCH  Sl.0   +32.5° │ 🔵 VALLA      50.5cm
  N4 │ SEARCH  Sl.1   +32.5° │ ·  —
  387ms

── SF 32 ────────────────────────────────────────────
  N1 │ SEARCH  Sl.0   +42.5° │ ·  —
  N2 │ SEARCH  Sl.1   +30.0° │ 🔵 VALLA      54.0cm
  N4 │ SEARCH  Sl.0   +30.0° │ ·  —
  374ms

── SF 33 ────────────────────────────────────────────
  N1 │ SEARCH  Sl.1   +40.0° │ ·  —
  N2 │ SEARCH  Sl.0   +27.5° │ 🔵 VALLA      59.1cm
  N4 │ SEARCH  Sl.1   +27.5° │ ·  —
  376ms

── SF 34 ────────────────────────────────────────────
  N1 │ SEARCH  Sl.1   +37.5° │ ·  —
  N2 │ SEARCH  Sl.0   +25.0° │ 🔵 VALLA      52.4cm
  N4 │ SEARCH  Sl.1   +25.0° │ ·  —
  411ms

── SF 35 ────────────────────────────────────────────
  N1 │ SEARCH  Sl.1   +35.0° │ ·  —
  N2 │ SEARCH  Sl.0   +22.5° │ 🟢 DEFCON 3   49.8cm  (-19.1, 74.0)
  N4 │ SEARCH  Sl.1   +22.5° │ ·  —
  399ms

── SF 36 ────────────────────────────────────────────
  N1 │ SEARCH  Sl.0   +32.5° │ ·  —
  N2 │ SEARCH  Sl.1   +20.0° │ 🟢 DEFCON 3   47.2cm  (-16.1, 72.3)
  N4 │ SEARCH  Sl.0   +20.0° │ ·  —
  375ms

── SF 37 ────────────────────────────────────────────
  N1 │ SEARCH  Sl.1   +30.0° │ ·  —
  N2 │ SEARCH  Sl.0   +17.5° │ 🟢 DEFCON 3   47.4cm  (-14.2, 73.2)
  N4 │ SEARCH  Sl.1   +17.5° │ ·  —
  391ms

── SF 38 ────────────────────────────────────────────
  N1 │ SEARCH  Sl.0   +27.5° │ 🔵 VALLA      54.8cm
  N2 │ SEARCH  Sl.0   +15.0° │ 🟢 DEFCON 3   50.0cm  (-12.9, 76.3)
  N4 │ SEARCH  Sl.1   +15.0° │ ·  —
  399ms

── SF 39 ────────────────────────────────────────────
  N1 │ SEARCH  Sl.0   +25.0° │ ·  —
  N2 │ SEARCH  Sl.0   +12.5° │ 🔵 VALLA      54.7cm
  N4 │ SEARCH  Sl.1   +12.5° │ ·  —
  466ms

── SF 40 ────────────────────────────────────────────
  N1 │ SEARCH  Sl.0   +22.5° │ ·  —
  N2 │ SEARCH  Sl.1   +10.0° │ 🔵 VALLA      60.7cm
  N4 │ SEARCH  Sl.0   +10.0° │ ·  —
  366ms

── SF 41 ────────────────────────────────────────────
  N1 │ SEARCH  Sl.0   +20.0° │ 🔵 VALLA      62.3cm
  N2 │ SEARCH  Sl.0    +7.5° │ 🔵 VALLA      51.9cm
  N4 │ SEARCH  Sl.1    +7.5° │ ·  —
  389ms

── SF 42 ────────────────────────────────────────────
  N1 │ SEARCH  Sl.0   +17.5° │ ·  —
  N2 │ SEARCH  Sl.1    +5.0° │ 🟢 DEFCON 3   44.7cm  (-3.9, 72.6)
  N4 │ SEARCH  Sl.0    +5.0° │ ·  —
  376ms

── SF 43 ────────────────────────────────────────────
  N1 │ SEARCH  Sl.0   +15.0° │ ·  —
  N2 │ SEARCH  Sl.0    +2.5° │ 🔵 VALLA      56.8cm
  N4 │ SEARCH  Sl.1    +2.5° │ ·  —
  374ms

── SF 44 ────────────────────────────────────────────
  N1 │ SEARCH  Sl.0   +12.5° │ 🔵 VALLA      57.5cm
  N2 │ SEARCH  Sl.0    +0.0° │ 🔵 VALLA      56.7cm
  N4 │ SEARCH  Sl.1    +0.0° │ ·  —
  413ms

── SF 45 ────────────────────────────────────────────
  N1 │ SEARCH  Sl.0   +10.0° │ ·  —
  N2 │ SEARCH  Sl.0    -2.5° │ 🟢 DEFCON 3   38.1cm  (1.7, 66.0)
  N4 │ SEARCH  Sl.1    -2.5° │ ·  —
  366ms

── SF 46 ────────────────────────────────────────────
  N1 │ SEARCH  Sl.0    +7.5° │ ·  —
  N2 │ SEARCH  Sl.0    -5.0° │ 🔵 VALLA      56.7cm
  N4 │ SEARCH  Sl.1    -5.0° │ ·  —
  375ms

── SF 47 ────────────────────────────────────────────
  N1 │ SEARCH  Sl.0    +5.0° │ ·  —
  N2 │ SEARCH  Sl.0    -7.5° │ 🔵 VALLA      55.3cm
  N4 │ SEARCH  Sl.1    -7.5° │ ·  —
  369ms

── SF 48 ────────────────────────────────────────────
  N1 │ SEARCH  Sl.0    +2.5° │ ·  —
  N2 │ SEARCH  Sl.0   -10.0° │ 🔵 VALLA      53.4cm
  N4 │ SEARCH  Sl.1   -10.0° │ ·  —
  383ms

── SF 49 ────────────────────────────────────────────
  N1 │ SEARCH  Sl.0    +0.0° │ ·  —
  N2 │ SEARCH  Sl.0   -12.5° │ 🔵 VALLA      53.8cm
  N4 │ SEARCH  Sl.1   -12.5° │ ·  —
  374ms

── SF 50 ────────────────────────────────────────────
  N1 │ SEARCH  Sl.0    -2.5° │ ·  —
  N2 │ SEARCH  Sl.0   -15.0° │ 🔵 VALLA      50.8cm
  N4 │ SEARCH  Sl.1   -15.0° │ ·  —
  374ms

── SF 51 ────────────────────────────────────────────
  N1 │ SEARCH  Sl.0    -5.0° │ ·  —
  N2 │ SEARCH  Sl.0   -17.5° │ 🔵 VALLA      52.8cm
  N4 │ SEARCH  Sl.1   -17.5° │ ·  —
  375ms

── SF 52 ────────────────────────────────────────────
  N1 │ SEARCH  Sl.0    -7.5° │ ·  —
  N2 │ SEARCH  Sl.0   -20.0° │ 🔵 VALLA      57.2cm
  N4 │ SEARCH  Sl.1   -20.0° │ ·  —
  375ms

── SF 53 ────────────────────────────────────────────
  N1 │ SEARCH  Sl.0   -10.0° │ ·  —
  N2 │ SEARCH  Sl.0   -22.5° │ 🟢 DEFCON 3   46.2cm  (17.7, 70.7)
  N4 │ SEARCH  Sl.1   -22.5° │ ·  —
  391ms

── SF 54 ────────────────────────────────────────────
  N1 │ SEARCH  Sl.0   -12.5° │ 🔵 VALLA      50.7cm
  N2 │ SEARCH  Sl.0   -25.0° │ 🔵 VALLA      51.3cm
  N4 │ SEARCH  Sl.1   -25.0° │ ·  —
  375ms

── SF 55 ────────────────────────────────────────────
  N1 │ SEARCH  Sl.0   -15.0° │ ·  —
  N2 │ SEARCH  Sl.0   -27.5° │ 🔵 VALLA      51.6cm
  N4 │ SEARCH  Sl.1   -27.5° │ ·  —
  416ms

── SF 56 ────────────────────────────────────────────
  N1 │ SEARCH  Sl.0   -17.5° │ ·  —
  N2 │ SEARCH  Sl.1   -30.0° │ 🟢 DEFCON 3   46.0cm  (23.0, 67.9)
  N4 │ SEARCH  Sl.0   -30.0° │ ·  —
  374ms

── SF 57 ────────────────────────────────────────────
  N1 │ SEARCH  Sl.1   -20.0° │ 🟡 DEFCON 2   34.4cm  (-44.3, 43.6)
  N2 │ SEARCH  Sl.0   -32.5° │ 🔵 VALLA      50.9cm
  N4 │ SEARCH  Sl.1   -32.5° │ ·  —
  391ms

── SF 58 ────────────────────────────────────────────
  N1 │ SEARCH  Sl.0   -22.5° │ 🟡 DEFCON 2   33.6cm  (-42.5, 43.6)
  N2 │ SEARCH  Sl.1   -35.0° │ 🟢 DEFCON 3   43.8cm  (25.1, 63.9)
  N4 │ SEARCH  Sl.0   -35.0° │ ·  —
  379ms

── SF 59 ────────────────────────────────────────────
  N1 │ SEARCH  Sl.0   -25.0° │ 🟡 DEFCON 2   31.7cm  (-40.4, 42.7)
  N2 │ SEARCH  Sl.1   -37.5° │ 🟢 DEFCON 3   43.8cm  (26.6, 62.7)
  N4 │ SEARCH  Sl.0   -37.5° │ ·  —
  371ms

── SF 60 ────────────────────────────────────────────
  N1 │ SEARCH  Sl.1   -27.5° │ 🟡 DEFCON 2   31.2cm  (-38.9, 42.9)
  N2 │ SEARCH  Sl.0   -40.0° │ 🔵 VALLA      50.6cm
  N4 │ SEARCH  Sl.1   -40.0° │ ·  —
  374ms

── SF 61 ────────────────────────────────────────────
  N1 │ SEARCH  Sl.1   -30.0° │ 🟡 DEFCON 2   30.3cm  (-37.3, 42.7)
  N2 │ SEARCH  Sl.0   -42.5° │ 🟢 DEFCON 3   46.8cm  (31.6, 62.5)
  N4 │ SEARCH  Sl.1   -42.5° │ ·  —
  374ms

── SF 62 ────────────────────────────────────────────
  N1 │ SEARCH  Sl.0   -32.5° │ 🟡 DEFCON 2   29.4cm  (-35.8, 42.4)
  N2 │ SEARCH  Sl.1   -45.0° │ 🟢 DEFCON 3   48.3cm  (34.2, 62.2)
  N4 │ SEARCH  Sl.0   -45.0° │ ·  —
  387ms

── SF 63 ────────────────────────────────────────────
  N1 │ SEARCH  Sl.1   -35.0° │ 🟡 DEFCON 2   30.3cm  (-34.9, 43.6)
  N2 │ SEARCH  Sl.0   -42.5° │ 🟢 DEFCON 3   44.5cm  (30.1, 60.8)
  N4 │ SEARCH  Sl.1   -42.5° │ ·  —
  366ms

── SF 64 ────────────────────────────────────────────
  N1 │ SEARCH  Sl.0   -37.5° │ 🟡 DEFCON 2   33.5cm  (-34.5, 47.1)
  N2 │ SEARCH  Sl.1   -40.0° │ 🟢 DEFCON 3   49.4cm  (31.8, 65.8)
  N4 │ SEARCH  Sl.0   -40.0° │ ·  —
  379ms

── SF 65 ────────────────────────────────────────────
  N1 │ SEARCH  Sl.1   -40.0° │ 🟡 DEFCON 2   31.0cm  (-32.5, 45.1)
  N2 │ SEARCH  Sl.0   -37.5° │ 🔵 VALLA      50.1cm
  N4 │ SEARCH  Sl.1   -37.5° │ ·  —
  378ms

── SF 66 ────────────────────────────────────────────
  N1 │ SEARCH  Sl.1   -42.5° │ 🟡 DEFCON 2   33.0cm  (-31.6, 47.4)
  N2 │ SEARCH  Sl.0   -35.0° │ 🟢 DEFCON 3   42.8cm  (24.5, 63.0)
  N4 │ SEARCH  Sl.1   -35.0° │ ·  —
  417ms

── SF 67 ────────────────────────────────────────────
  N1 │ SEARCH  Sl.0   -45.0° │ 🟡 DEFCON 2   32.1cm  (-30.0, 46.7)
  N2 │ SEARCH  Sl.1   -32.5° │ 🔵 VALLA      50.2cm
  N4 │ SEARCH  Sl.0   -32.5° │ ·  —
  404ms

── SF 68 ────────────────────────────────────────────
  N1 │ SEARCH  Sl.1   -42.5° │ 🟡 DEFCON 2   33.0cm  (-31.6, 47.4)
  N2 │ SEARCH  Sl.0   -30.0° │ 🟢 DEFCON 3   47.9cm  (23.9, 69.5)
  N4 │ SEARCH  Sl.1   -30.0° │ ·  —
  442ms

── SF 69 ────────────────────────────────────────────
  N1 │ SEARCH  Sl.0   -40.0° │ 🟡 DEFCON 2   30.6cm  (-32.4, 44.7)
  N2 │ SEARCH  Sl.1   -27.5° │ 🔵 VALLA      54.7cm
  N4 │ SEARCH  Sl.0   -27.5° │ ·  —
  379ms

── SF 70 ────────────────────────────────────────────
  N1 │ SEARCH  Sl.1   -37.5° │ 🟡 DEFCON 2   28.5cm  (-33.1, 42.3)
  N2 │ SEARCH  Sl.0   -25.0° │ 🔵 VALLA      54.1cm
  N4 │ SEARCH  Sl.1   -25.0° │ ·  —
  404ms

── SF 71 ────────────────────────────────────────────
  N1 │ SEARCH  Sl.0   -35.0° │ 🟡 DEFCON 2   29.8cm  (-34.7, 43.2)
  N2 │ SEARCH  Sl.1   -22.5° │ 🟢 DEFCON 3   46.8cm  (17.9, 71.2)
  N4 │ SEARCH  Sl.0   -22.5° │ ·  —
  379ms

── SF 72 ────────────────────────────────────────────
  N1 │ SEARCH  Sl.0   -32.5° │ 🟡 DEFCON 2   29.9cm  (-36.0, 42.8)
  N2 │ SEARCH  Sl.1   -20.0° │ 🟢 DEFCON 3   41.9cm  (14.3, 67.4)
  N4 │ SEARCH  Sl.0   -20.0° │ ·  —
  391ms

── SF 73 ────────────────────────────────────────────
